[1m============================= test session starts ==============================[0m
platform darwin -- Python 3.13.7, pytest-9.1.1, pluggy-1.6.0 -- /Users/jules/Documents/github-projects/imbalanced-calibrate/.venv/bin/python
cachedir: .pytest_cache
rootdir: /Users/jules/Documents/github-projects/imbalanced-calibrate
configfile: pyproject.toml
plugins: cov-7.1.0
[1mcollecting ... [0mcollected 61 items

imbcalibrate/tests/test_common.py::test_estimators[PriorCalibratedClassifier()-check_estimator_cloneable] [32mPASSED[0m
imbcalibrate/tests/test_common.py::test_estimators[PriorCalibratedClassifier()-check_estimator_tags_renamed] [32mPASSED[0m
imbcalibrate/tests/test_common.py::test_estimators[PriorCalibratedClassifier()-check_valid_tag_types] [32mPASSED[0m
imbcalibrate/tests/test_common.py::test_estimators[PriorCalibratedClassifier()-check_estimator_repr] [32mPASSED[0m
imbcalibrate/tests/test_common.py::test_estimators[PriorCalibratedClassifier()-check_no_attributes_set_in_init] [32mPASSED[0m
imbcalibrate/tests/test_common.py::test_estimators[PriorCalibratedClassifier()-check_fit_score_takes_y] [32mPASSED[0m
imbcalibrate/tests/test_common.py::test_estimators[PriorCalibratedClassifier()-check_estimators_overwrite_params] [32mPASSED[0m
imbcalibrate/tests/test_common.py::test_estimators[PriorCalibratedClassifier()-check_dont_overwrite_parameters] [32mPASSED[0m
imbcalibrate/tests/test_common.py::test_estimators[PriorCalibratedClassifier()-check_estimators_fit_returns_self] [32mPASSED[0m
imbcalibrate/tests/test_common.py::test_estimators[PriorCalibratedClassifier()-check_readonly_memmap_input] [32mPASSED[0m
imbcalibrate/tests/test_common.py::test_estimators[PriorCalibratedClassifier()-check_estimators_unfitted] [32mPASSED[0m
imbcalibrate/tests/test_common.py::test_estimators[PriorCalibratedClassifier()-check_do_not_raise_errors_in_init_or_set_params] [32mPASSED[0m
imbcalibrate/tests/test_common.py::test_estimators[PriorCalibratedClassifier()-check_n_features_in_after_fitting] [32mPASSED[0m
imbcalibrate/tests/test_common.py::test_estimators[PriorCalibratedClassifier()-check_mixin_order] [32mPASSED[0m
imbcalibrate/tests/test_common.py::test_estimators[PriorCalibratedClassifier()-check_positive_only_tag_during_fit] [32mPASSED[0m
imbcalibrate/tests/test_common.py::test_estimators[PriorCalibratedClassifier()-check_estimators_dtypes] [32mPASSED[0m
imbcalibrate/tests/test_common.py::test_estimators[PriorCalibratedClassifier()-check_complex_data] [32mPASSED[0m
imbcalibrate/tests/test_common.py::test_estimators[PriorCalibratedClassifier()-check_dtype_object] [32mPASSED[0m
imbcalibrate/tests/test_common.py::test_estimators[PriorCalibratedClassifier()-check_estimators_empty_data_messages] [32mPASSED[0m
imbcalibrate/tests/test_common.py::test_estimators[PriorCalibratedClassifier()-check_pipeline_consistency] [32mPASSED[0m
imbcalibrate/tests/test_common.py::test_estimators[PriorCalibratedClassifier()-check_estimators_nan_inf] [32mPASSED[0m
imbcalibrate/tests/test_common.py::test_estimators[PriorCalibratedClassifier()-check_estimator_sparse_tag] [32mPASSED[0m
imbcalibrate/tests/test_common.py::test_estimators[PriorCalibratedClassifier()-check_estimator_sparse_array] [32mPASSED[0m
imbcalibrate/tests/test_common.py::test_estimators[PriorCalibratedClassifier()-check_estimator_sparse_matrix] [32mPASSED[0m
imbcalibrate/tests/test_common.py::test_estimators[PriorCalibratedClassifier()-check_estimators_pickle] [32mPASSED[0m
imbcalibrate/tests/test_common.py::test_estimators[PriorCalibratedClassifier()-check_estimators_pickle(readonly_memmap=True)] [32mPASSED[0m
imbcalibrate/tests/test_common.py::test_estimators[PriorCalibratedClassifier()-check_array_api_input(array_namespace=numpy,expect_only_array_outputs=False)] [33mSKIPPED[0m
imbcalibrate/tests/test_common.py::test_estimators[PriorCalibratedClassifier()-check_f_contiguous_array_estimator] [32mPASSED[0m
imbcalibrate/tests/test_common.py::test_estimators[PriorCalibratedClassifier()-check_classifier_data_not_an_array] [33mSKIPPED[0m
imbcalibrate/tests/test_common.py::test_estimators[PriorCalibratedClassifier()-check_classifiers_one_label] [32mPASSED[0m
imbcalibrate/tests/test_common.py::test_estimators[PriorCalibratedClassifier()-check_classifiers_one_label_sample_weights] [32mPASSED[0m
imbcalibrate/tests/test_common.py::test_estimators[PriorCalibratedClassifier()-check_classifiers_classes] [32mPASSED[0m
imbcalibrate/tests/test_common.py::test_estimators[PriorCalibratedClassifier()-check_estimators_partial_fit_n_features] [32mPASSED[0m
imbcalibrate/tests/test_common.py::test_estimators[PriorCalibratedClassifier()-check_classifiers_train] [31mFAILED[0m
imbcalibrate/tests/test_common.py::test_estimators[PriorCalibratedClassifier()-check_classifiers_train(readonly_memmap=True)] [31mFAILED[0m
imbcalibrate/tests/test_common.py::test_estimators[PriorCalibratedClassifier()-check_classifiers_train(readonly_memmap=True,X_dtype=float32)] [31mFAILED[0m
imbcalibrate/tests/test_common.py::test_estimators[PriorCalibratedClassifier()-check_classifiers_regression_target] [32mPASSED[0m
imbcalibrate/tests/test_common.py::test_estimators[PriorCalibratedClassifier()-check_supervised_y_no_nan] [32mPASSED[0m
imbcalibrate/tests/test_common.py::test_estimators[PriorCalibratedClassifier()-check_supervised_y_2d] [32mPASSED[0m
imbcalibrate/tests/test_common.py::test_estimators[PriorCalibratedClassifier()-check_non_transformer_estimators_n_iter] [32mPASSED[0m
imbcalibrate/tests/test_common.py::test_estimators[PriorCalibratedClassifier()-check_decision_proba_consistency] [32mPASSED[0m
imbcalibrate/tests/test_common.py::test_estimators[PriorCalibratedClassifier()-check_parameters_default_constructible] [32mPASSED[0m
imbcalibrate/tests/test_common.py::test_estimators[PriorCalibratedClassifier()-check_methods_sample_order_invariance] [32mPASSED[0m
imbcalibrate/tests/test_common.py::test_estimators[PriorCalibratedClassifier()-check_methods_subset_invariance] [32mPASSED[0m
imbcalibrate/tests/test_common.py::test_estimators[PriorCalibratedClassifier()-check_fit2d_1sample] [32mPASSED[0m
imbcalibrate/tests/test_common.py::test_estimators[PriorCalibratedClassifier()-check_fit2d_1feature] [32mPASSED[0m
imbcalibrate/tests/test_common.py::test_estimators[PriorCalibratedClassifier()-check_get_params_invariance] [32mPASSED[0m
imbcalibrate/tests/test_common.py::test_estimators[PriorCalibratedClassifier()-check_set_params] [32mPASSED[0m
imbcalibrate/tests/test_common.py::test_estimators[PriorCalibratedClassifier()-check_dict_unchanged] [32mPASSED[0m
imbcalibrate/tests/test_common.py::test_estimators[PriorCalibratedClassifier()-check_fit_idempotent] [32mPASSED[0m
imbcalibrate/tests/test_common.py::test_estimators[PriorCalibratedClassifier()-check_fit_check_is_fitted] [32mPASSED[0m
imbcalibrate/tests/test_common.py::test_estimators[PriorCalibratedClassifier()-check_n_features_in] [32mPASSED[0m
imbcalibrate/tests/test_common.py::test_estimators[PriorCalibratedClassifier()-check_fit1d] [32mPASSED[0m
imbcalibrate/tests/test_common.py::test_estimators[PriorCalibratedClassifier()-check_fit2d_predict1d] [32mPASSED[0m
imbcalibrate/tests/test_common.py::test_estimators[PriorCalibratedClassifier()-check_requires_y_none] [32mPASSED[0m
imbcalibrate/utils/discovery.py::imbcalibrate.utils.discovery.all_displays [32mPASSED[0m
imbcalibrate/utils/discovery.py::imbcalibrate.utils.discovery.all_estimators [32mPASSED[0m
imbcalibrate/utils/discovery.py::imbcalibrate.utils.discovery.all_functions [32mPASSED[0m
imbcalibrate/utils/tests/test_discovery.py::test_all_estimators [32mPASSED[0m
imbcalibrate/utils/tests/test_discovery.py::test_all_displays [32mPASSED[0m
imbcalibrate/utils/tests/test_discovery.py::test_all_functions [32mPASSED[0m

=================================== FAILURES ===================================
[31m[1m_____ test_estimators[PriorCalibratedClassifier()-check_classifiers_train] _____[0m

estimator = PriorCalibratedClassifier()
check = functools.partial(<function check_classifiers_train at 0x10cc4aa20>, 'PriorCalibratedClassifier')
request = <FixtureRequest for <Function test_estimators[PriorCalibratedClassifier()-check_classifiers_train]>>

    [0m[37m@parametrize_with_checks[39;49;00m([est() [94mfor[39;49;00m _, est [95min[39;49;00m all_estimators()])[90m[39;49;00m
    [94mdef[39;49;00m[90m [39;49;00m[92mtest_estimators[39;49;00m(estimator, check, request):[90m[39;49;00m
    [90m    [39;49;00m[33m"""Check the compatibility with scikit-learn API"""[39;49;00m[90m[39;49;00m
>       check(estimator)[90m[39;49;00m

check      = functools.partial(<function check_classifiers_train at 0x10cc4aa20>, 'PriorCalibratedClassifier')
estimator  = PriorCalibratedClassifier()
request    = <FixtureRequest for <Function test_estimators[PriorCalibratedClassifier()-check_classifiers_train]>>

[1m[31mimbcalibrate/tests/test_common.py[0m:16: 
_ _ _ _ _ _ _ _ _ _ _ _ _ _ _ _ _ _ _ _ _ _ _ _ _ _ _ _ _ _ _ _ _ _ _ _ _ _ _ _ 
[1m[31m.venv/lib/python3.13/site-packages/sklearn/utils/_testing.py[0m:144: in wrapper
    [0m[94mreturn[39;49;00m fn(*args, **kwargs)[90m[39;49;00m
           ^^^^^^^^^^^^^^^^^^^[90m[39;49;00m
        args       = ('PriorCalibratedClassifier', PriorCalibratedClassifier())
        fn         = <function check_classifiers_train at 0x10cc4a980>
        kwargs     = {}
        self       = _IgnoreWarnings(record=True)
_ _ _ _ _ _ _ _ _ _ _ _ _ _ _ _ _ _ _ _ _ _ _ _ _ _ _ _ _ _ _ _ _ _ _ _ _ _ _ _ 

name = 'PriorCalibratedClassifier'
classifier_orig = PriorCalibratedClassifier(), readonly_memmap = False
X_dtype = 'float64'

    [0m[37m@ignore_warnings[39;49;00m  [90m# Warnings are raised by decision function[39;49;00m[90m[39;49;00m
    [94mdef[39;49;00m[90m [39;49;00m[92mcheck_classifiers_train[39;49;00m([90m[39;49;00m
        name, classifier_orig, readonly_memmap=[94mFalse[39;49;00m, X_dtype=[33m"[39;49;00m[33mfloat64[39;49;00m[33m"[39;49;00m[90m[39;49;00m
    ):[90m[39;49;00m
        X_m, y_m = make_blobs(n_samples=[94m300[39;49;00m, random_state=[94m0[39;49;00m)[90m[39;49;00m
        X_m = X_m.astype(X_dtype)[90m[39;49;00m
        X_m, y_m = shuffle(X_m, y_m, random_state=[94m7[39;49;00m)[90m[39;49;00m
        X_m = StandardScaler().fit_transform(X_m)[90m[39;49;00m
        [90m# generate binary problem from multi-class one[39;49;00m[90m[39;49;00m
        y_b = y_m[y_m != [94m2[39;49;00m][90m[39;49;00m
        X_b = X_m[y_m != [94m2[39;49;00m][90m[39;49;00m
    [90m[39;49;00m
        [94mif[39;49;00m name [95min[39;49;00m [[33m"[39;49;00m[33mBernoulliNB[39;49;00m[33m"[39;49;00m, [33m"[39;49;00m[33mMultinomialNB[39;49;00m[33m"[39;49;00m, [33m"[39;49;00m[33mComplementNB[39;49;00m[33m"[39;49;00m, [33m"[39;49;00m[33mCategoricalNB[39;49;00m[33m"[39;49;00m]:[90m[39;49;00m
            X_m -= X_m.min()[90m[39;49;00m
            X_b -= X_b.min()[90m[39;49;00m
    [90m[39;49;00m
        [94mif[39;49;00m readonly_memmap:[90m[39;49;00m
            X_m, y_m, X_b, y_b = create_memmap_backed_data([X_m, y_m, X_b, y_b])[90m[39;49;00m
    [90m[39;49;00m
        problems = [(X_b, y_b)][90m[39;49;00m
        tags = get_tags(classifier_orig)[90m[39;49;00m
        [94mif[39;49;00m tags.classifier_tags.multi_class:[90m[39;49;00m
            problems.append((X_m, y_m))[90m[39;49;00m
    [90m[39;49;00m
        [94mfor[39;49;00m X, y [95min[39;49;00m problems:[90m[39;49;00m
            classes = np.unique(y)[90m[39;49;00m
            n_classes = [96mlen[39;49;00m(classes)[90m[39;49;00m
            n_samples, n_features = X.shape[90m[39;49;00m
            classifier = clone(classifier_orig)[90m[39;49;00m
            X = _enforce_estimator_tags_X(classifier, X)[90m[39;49;00m
            y = _enforce_estimator_tags_y(classifier, y)[90m[39;49;00m
    [90m[39;49;00m
            set_random_state(classifier)[90m[39;49;00m
            [90m# raises error on malformed input for fit[39;49;00m[90m[39;49;00m
            [94mif[39;49;00m [95mnot[39;49;00m tags.no_validation:[90m[39;49;00m
                [94mwith[39;49;00m raises([90m[39;49;00m
                    [96mValueError[39;49;00m,[90m[39;49;00m
                    err_msg=([90m[39;49;00m
                        [33mf[39;49;00m[33m"[39;49;00m[33mThe classifier [39;49;00m[33m{[39;49;00mname[33m}[39;49;00m[33m does not raise an error when [39;49;00m[33m"[39;49;00m[90m[39;49;00m
                        [33m"[39;49;00m[33mincorrect/malformed input data for fit is passed. The number [39;49;00m[33m"[39;49;00m[90m[39;49;00m
                        [33m"[39;49;00m[33mof training examples is not the same as the number of [39;49;00m[33m"[39;49;00m[90m[39;49;00m
                        [33m"[39;49;00m[33mlabels. Perhaps use check_X_y in fit.[39;49;00m[33m"[39;49;00m[90m[39;49;00m
                    ),[90m[39;49;00m
                ):[90m[39;49;00m
                    classifier.fit(X, y[:-[94m1[39;49;00m])[90m[39;49;00m
    [90m[39;49;00m
            [90m# fit[39;49;00m[90m[39;49;00m
            classifier.fit(X, y)[90m[39;49;00m
            [90m# with lists[39;49;00m[90m[39;49;00m
            classifier.fit(X.tolist(), y.tolist())[90m[39;49;00m
            [94massert[39;49;00m [96mhasattr[39;49;00m(classifier, [33m"[39;49;00m[33mclasses_[39;49;00m[33m"[39;49;00m)[90m[39;49;00m
            y_pred = classifier.predict(X)[90m[39;49;00m
    [90m[39;49;00m
            [94massert[39;49;00m y_pred.shape == (n_samples,)[90m[39;49;00m
            [90m# training set performance[39;49;00m[90m[39;49;00m
            [94mif[39;49;00m [95mnot[39;49;00m tags.classifier_tags.poor_score:[90m[39;49;00m
>               [94massert[39;49;00m accuracy_score(y, y_pred) > [94m0.83[39;49;00m[90m[39;49;00m
                       ^^^^^^^^^^^^^^^^^^^^^^^^^^^^^^^^[90m[39;49;00m
[1m[31mE               AssertionError[0m

X          = array([[-0.85589485,  0.21554235],
       [-0.78500482,  0.72501344],
       [ 0.04310846,  0.25109136],
       [ 0.30...-0.79237922],
       [-1.57717452,  0.03521284],
       [ 1.51690833, -1.25547111],
       [ 1.75307404, -2.16462352]])
X_b        = array([[ 0.04310846,  0.25109136],
       [ 0.30452606,  0.25814294],
       [ 0.73052143,  0.98760025],
       [ 0.90... 1.00299053],
       [ 0.70305467, -0.79237922],
       [ 1.51690833, -1.25547111],
       [ 1.75307404, -2.16462352]])
X_dtype    = 'float64'
X_m        = array([[-0.85589485,  0.21554235],
       [-0.78500482,  0.72501344],
       [ 0.04310846,  0.25109136],
       [ 0.30...-0.79237922],
       [-1.57717452,  0.03521284],
       [ 1.51690833, -1.25547111],
       [ 1.75307404, -2.16462352]])
classes    = array([0, 1, 2])
classifier = PriorCalibratedClassifier()
classifier_orig = PriorCalibratedClassifier()
msg        = 'The classifier {} does not raise an error when the number of features in {} is different from the number of features in fit.'
msg_pairwise = 'The classifier {} does not raise an error when shape of X in  {} is not equal to (n_test_samples, n_training_samples)'
n_classes  = 3
n_features = 2
n_samples  = 300
name       = 'PriorCalibratedClassifier'
problems   = [(array([[ 0.04310846,  0.25109136],
       [ 0.30452606,  0.25814294],
       [ 0.73052143,  0.98760025],
       [ 0....  2, 1, 2, 1, 2, 2, 0, 0, 2, 0, 2, 2, 0, 0, 0, 0, 0, 1, 0, 1, 1, 0,
       0, 0, 0, 2, 0, 2, 0, 0, 1, 0, 1, 2, 1, 1]))]
readonly_memmap = False
tags       = Tags(estimator_type='classifier', target_tags=TargetTags(required=True, one_d_labels=False, two_d_labels=False, positi...alse, sparse=False, categorical=False, string=False, dict=False, positive_only=False, allow_nan=False, pairwise=False))
y          = array([2, 2, 0, 0, 2, 0, 1, 1, 2, 1, 0, 2, 1, 1, 0, 0, 2, 2, 1, 0, 1, 2,
       1, 2, 1, 2, 2, 0, 2, 0, 0, 1, 0, 0, 2,...    2, 1, 2, 1, 2, 2, 0, 0, 2, 0, 2, 2, 0, 0, 0, 0, 0, 1, 0, 1, 1, 0,
       0, 0, 0, 2, 0, 2, 0, 0, 1, 0, 1, 2, 1, 1])
y_b        = array([0, 0, 0, 1, 1, 1, 0, 1, 1, 0, 0, 1, 0, 1, 1, 1, 0, 0, 0, 1, 0, 0,
       0, 0, 0, 0, 1, 0, 1, 0, 0, 1, 1, 1, 1,...1, 1, 1, 1, 1, 0, 0, 0, 1, 1, 1,
       0, 0, 0, 0, 0, 0, 0, 0, 1, 0, 1, 1, 0, 0, 0, 0, 0, 0, 0, 1, 0, 1,
       1, 1])
y_m        = array([2, 2, 0, 0, 2, 0, 1, 1, 2, 1, 0, 2, 1, 1, 0, 0, 2, 2, 1, 0, 1, 2,
       1, 2, 1, 2, 2, 0, 2, 0, 0, 1, 0, 0, 2,...    2, 1, 2, 1, 2, 2, 0, 0, 2, 0, 2, 2, 0, 0, 0, 0, 0, 1, 0, 1, 1, 0,
       0, 0, 0, 2, 0, 2, 0, 0, 1, 0, 1, 2, 1, 1])
y_pred     = array([0, 0, 0, 0, 0, 0, 1, 1, 1, 1, 0, 1, 1, 1, 0, 0, 0, 0, 1, 0, 1, 0,
       1, 0, 1, 0, 0, 0, 0, 0, 0, 1, 0, 0, 0,...    0, 1, 0, 1, 0, 0, 0, 0, 0, 0, 0, 0, 0, 0, 0, 0, 0, 1, 0, 0, 1, 0,
       0, 0, 0, 0, 0, 0, 0, 0, 1, 0, 1, 0, 1, 1])
y_prob     = array([[8.35259199e-01, 1.64740801e-01],
       [8.12697942e-01, 1.87302058e-01],
       [9.81355429e-01, 1.86445705e-...   [5.55136298e-02, 9.44486370e-01],
       [5.61676895e-03, 9.94383231e-01],
       [1.47264606e-04, 9.99852735e-01]])

[1m[31m.venv/lib/python3.13/site-packages/sklearn/utils/estimator_checks.py[0m:3036: AssertionError
[31m[1m_ test_estimators[PriorCalibratedClassifier()-check_classifiers_train(readonly_memmap=True)] _[0m

estimator = PriorCalibratedClassifier()
check = functools.partial(<function check_classifiers_train at 0x10cc4aa20>, 'PriorCalibratedClassifier', readonly_memmap=True)
request = <FixtureRequest for <Function test_estimators[PriorCalibratedClassifier()-check_classifiers_train(readonly_memmap=True)]>>

    [0m[37m@parametrize_with_checks[39;49;00m([est() [94mfor[39;49;00m _, est [95min[39;49;00m all_estimators()])[90m[39;49;00m
    [94mdef[39;49;00m[90m [39;49;00m[92mtest_estimators[39;49;00m(estimator, check, request):[90m[39;49;00m
    [90m    [39;49;00m[33m"""Check the compatibility with scikit-learn API"""[39;49;00m[90m[39;49;00m
>       check(estimator)[90m[39;49;00m

check      = functools.partial(<function check_classifiers_train at 0x10cc4aa20>, 'PriorCalibratedClassifier', readonly_memmap=True)
estimator  = PriorCalibratedClassifier()
request    = <FixtureRequest for <Function test_estimators[PriorCalibratedClassifier()-check_classifiers_train(readonly_memmap=True)]>>

[1m[31mimbcalibrate/tests/test_common.py[0m:16: 
_ _ _ _ _ _ _ _ _ _ _ _ _ _ _ _ _ _ _ _ _ _ _ _ _ _ _ _ _ _ _ _ _ _ _ _ _ _ _ _ 
[1m[31m.venv/lib/python3.13/site-packages/sklearn/utils/_testing.py[0m:144: in wrapper
    [0m[94mreturn[39;49;00m fn(*args, **kwargs)[90m[39;49;00m
           ^^^^^^^^^^^^^^^^^^^[90m[39;49;00m
        args       = ('PriorCalibratedClassifier', PriorCalibratedClassifier())
        fn         = <function check_classifiers_train at 0x10cc4a980>
        kwargs     = {'readonly_memmap': True}
        self       = _IgnoreWarnings(record=True)
_ _ _ _ _ _ _ _ _ _ _ _ _ _ _ _ _ _ _ _ _ _ _ _ _ _ _ _ _ _ _ _ _ _ _ _ _ _ _ _ 

name = 'PriorCalibratedClassifier'
classifier_orig = PriorCalibratedClassifier(), readonly_memmap = True
X_dtype = 'float64'

    [0m[37m@ignore_warnings[39;49;00m  [90m# Warnings are raised by decision function[39;49;00m[90m[39;49;00m
    [94mdef[39;49;00m[90m [39;49;00m[92mcheck_classifiers_train[39;49;00m([90m[39;49;00m
        name, classifier_orig, readonly_memmap=[94mFalse[39;49;00m, X_dtype=[33m"[39;49;00m[33mfloat64[39;49;00m[33m"[39;49;00m[90m[39;49;00m
    ):[90m[39;49;00m
        X_m, y_m = make_blobs(n_samples=[94m300[39;49;00m, random_state=[94m0[39;49;00m)[90m[39;49;00m
        X_m = X_m.astype(X_dtype)[90m[39;49;00m
        X_m, y_m = shuffle(X_m, y_m, random_state=[94m7[39;49;00m)[90m[39;49;00m
        X_m = StandardScaler().fit_transform(X_m)[90m[39;49;00m
        [90m# generate binary problem from multi-class one[39;49;00m[90m[39;49;00m
        y_b = y_m[y_m != [94m2[39;49;00m][90m[39;49;00m
        X_b = X_m[y_m != [94m2[39;49;00m][90m[39;49;00m
    [90m[39;49;00m
        [94mif[39;49;00m name [95min[39;49;00m [[33m"[39;49;00m[33mBernoulliNB[39;49;00m[33m"[39;49;00m, [33m"[39;49;00m[33mMultinomialNB[39;49;00m[33m"[39;49;00m, [33m"[39;49;00m[33mComplementNB[39;49;00m[33m"[39;49;00m, [33m"[39;49;00m[33mCategoricalNB[39;49;00m[33m"[39;49;00m]:[90m[39;49;00m
            X_m -= X_m.min()[90m[39;49;00m
            X_b -= X_b.min()[90m[39;49;00m
    [90m[39;49;00m
        [94mif[39;49;00m readonly_memmap:[90m[39;49;00m
            X_m, y_m, X_b, y_b = create_memmap_backed_data([X_m, y_m, X_b, y_b])[90m[39;49;00m
    [90m[39;49;00m
        problems = [(X_b, y_b)][90m[39;49;00m
        tags = get_tags(classifier_orig)[90m[39;49;00m
        [94mif[39;49;00m tags.classifier_tags.multi_class:[90m[39;49;00m
            problems.append((X_m, y_m))[90m[39;49;00m
    [90m[39;49;00m
        [94mfor[39;49;00m X, y [95min[39;49;00m problems:[90m[39;49;00m
            classes = np.unique(y)[90m[39;49;00m
            n_classes = [96mlen[39;49;00m(classes)[90m[39;49;00m
            n_samples, n_features = X.shape[90m[39;49;00m
            classifier = clone(classifier_orig)[90m[39;49;00m
            X = _enforce_estimator_tags_X(classifier, X)[90m[39;49;00m
            y = _enforce_estimator_tags_y(classifier, y)[90m[39;49;00m
    [90m[39;49;00m
            set_random_state(classifier)[90m[39;49;00m
            [90m# raises error on malformed input for fit[39;49;00m[90m[39;49;00m
            [94mif[39;49;00m [95mnot[39;49;00m tags.no_validation:[90m[39;49;00m
                [94mwith[39;49;00m raises([90m[39;49;00m
                    [96mValueError[39;49;00m,[90m[39;49;00m
                    err_msg=([90m[39;49;00m
                        [33mf[39;49;00m[33m"[39;49;00m[33mThe classifier [39;49;00m[33m{[39;49;00mname[33m}[39;49;00m[33m does not raise an error when [39;49;00m[33m"[39;49;00m[90m[39;49;00m
                        [33m"[39;49;00m[33mincorrect/malformed input data for fit is passed. The number [39;49;00m[33m"[39;49;00m[90m[39;49;00m
                        [33m"[39;49;00m[33mof training examples is not the same as the number of [39;49;00m[33m"[39;49;00m[90m[39;49;00m
                        [33m"[39;49;00m[33mlabels. Perhaps use check_X_y in fit.[39;49;00m[33m"[39;49;00m[90m[39;49;00m
                    ),[90m[39;49;00m
                ):[90m[39;49;00m
                    classifier.fit(X, y[:-[94m1[39;49;00m])[90m[39;49;00m
    [90m[39;49;00m
            [90m# fit[39;49;00m[90m[39;49;00m
            classifier.fit(X, y)[90m[39;49;00m
            [90m# with lists[39;49;00m[90m[39;49;00m
            classifier.fit(X.tolist(), y.tolist())[90m[39;49;00m
            [94massert[39;49;00m [96mhasattr[39;49;00m(classifier, [33m"[39;49;00m[33mclasses_[39;49;00m[33m"[39;49;00m)[90m[39;49;00m
            y_pred = classifier.predict(X)[90m[39;49;00m
    [90m[39;49;00m
            [94massert[39;49;00m y_pred.shape == (n_samples,)[90m[39;49;00m
            [90m# training set performance[39;49;00m[90m[39;49;00m
            [94mif[39;49;00m [95mnot[39;49;00m tags.classifier_tags.poor_score:[90m[39;49;00m
>               [94massert[39;49;00m accuracy_score(y, y_pred) > [94m0.83[39;49;00m[90m[39;49;00m
                       ^^^^^^^^^^^^^^^^^^^^^^^^^^^^^^^^[90m[39;49;00m
[1m[31mE               AssertionError[0m

X          = memmap([[-0.85589485,  0.21554235],
        [-0.78500482,  0.72501344],
        [ 0.04310846,  0.25109136],
        [ ...79237922],
        [-1.57717452,  0.03521284],
        [ 1.51690833, -1.25547111],
        [ 1.75307404, -2.16462352]])
X_b        = memmap([[ 0.04310846,  0.25109136],
        [ 0.30452606,  0.25814294],
        [ 0.73052143,  0.98760025],
        [ ...00299053],
        [ 0.70305467, -0.79237922],
        [ 1.51690833, -1.25547111],
        [ 1.75307404, -2.16462352]])
X_dtype    = 'float64'
X_m        = memmap([[-0.85589485,  0.21554235],
        [-0.78500482,  0.72501344],
        [ 0.04310846,  0.25109136],
        [ ...79237922],
        [-1.57717452,  0.03521284],
        [ 1.51690833, -1.25547111],
        [ 1.75307404, -2.16462352]])
classes    = array([0, 1, 2])
classifier = PriorCalibratedClassifier()
classifier_orig = PriorCalibratedClassifier()
msg        = 'The classifier {} does not raise an error when the number of features in {} is different from the number of features in fit.'
msg_pairwise = 'The classifier {} does not raise an error when shape of X in  {} is not equal to (n_test_samples, n_training_samples)'
n_classes  = 3
n_features = 2
n_samples  = 300
name       = 'PriorCalibratedClassifier'
problems   = [(memmap([[ 0.04310846,  0.25109136],
        [ 0.30452606,  0.25814294],
        [ 0.73052143,  0.98760025],
        ... 2, 1, 2, 1, 2, 2, 0, 0, 2, 0, 2, 2, 0, 0, 0, 0, 0, 1, 0, 1, 1, 0,
        0, 0, 0, 2, 0, 2, 0, 0, 1, 0, 1, 2, 1, 1]))]
readonly_memmap = True
tags       = Tags(estimator_type='classifier', target_tags=TargetTags(required=True, one_d_labels=False, two_d_labels=False, positi...alse, sparse=False, categorical=False, string=False, dict=False, positive_only=False, allow_nan=False, pairwise=False))
y          = memmap([2, 2, 0, 0, 2, 0, 1, 1, 2, 1, 0, 2, 1, 1, 0, 0, 2, 2, 1, 0, 1, 2,
        1, 2, 1, 2, 2, 0, 2, 0, 0, 1, 0, 0, ...   2, 1, 2, 1, 2, 2, 0, 0, 2, 0, 2, 2, 0, 0, 0, 0, 0, 1, 0, 1, 1, 0,
        0, 0, 0, 2, 0, 2, 0, 0, 1, 0, 1, 2, 1, 1])
y_b        = memmap([0, 0, 0, 1, 1, 1, 0, 1, 1, 0, 0, 1, 0, 1, 1, 1, 0, 0, 0, 1, 0, 0,
        0, 0, 0, 0, 1, 0, 1, 0, 0, 1, 1, 1, ... 1, 1, 1, 1, 0, 0, 0, 1, 1, 1,
        0, 0, 0, 0, 0, 0, 0, 0, 1, 0, 1, 1, 0, 0, 0, 0, 0, 0, 0, 1, 0, 1,
        1, 1])
y_m        = memmap([2, 2, 0, 0, 2, 0, 1, 1, 2, 1, 0, 2, 1, 1, 0, 0, 2, 2, 1, 0, 1, 2,
        1, 2, 1, 2, 2, 0, 2, 0, 0, 1, 0, 0, ...   2, 1, 2, 1, 2, 2, 0, 0, 2, 0, 2, 2, 0, 0, 0, 0, 0, 1, 0, 1, 1, 0,
        0, 0, 0, 2, 0, 2, 0, 0, 1, 0, 1, 2, 1, 1])
y_pred     = array([0, 0, 0, 0, 0, 0, 1, 1, 1, 1, 0, 1, 1, 1, 0, 0, 0, 0, 1, 0, 1, 0,
       1, 0, 1, 0, 0, 0, 0, 0, 0, 1, 0, 0, 0,...    0, 1, 0, 1, 0, 0, 0, 0, 0, 0, 0, 0, 0, 0, 0, 0, 0, 1, 0, 0, 1, 0,
       0, 0, 0, 0, 0, 0, 0, 0, 1, 0, 1, 0, 1, 1])
y_prob     = array([[8.35259199e-01, 1.64740801e-01],
       [8.12697942e-01, 1.87302058e-01],
       [9.81355429e-01, 1.86445705e-...   [5.55136298e-02, 9.44486370e-01],
       [5.61676895e-03, 9.94383231e-01],
       [1.47264606e-04, 9.99852735e-01]])

[1m[31m.venv/lib/python3.13/site-packages/sklearn/utils/estimator_checks.py[0m:3036: AssertionError
[31m[1m_ test_estimators[PriorCalibratedClassifier()-check_classifiers_train(readonly_memmap=True,X_dtype=float32)] _[0m

estimator = PriorCalibratedClassifier()
check = functools.partial(<function check_classifiers_train at 0x10cc4aa20>, 'PriorCalibratedClassifier', readonly_memmap=True, X_dtype='float32')
request = <FixtureRequest for <Function test_estimators[PriorCalibratedClassifier()-check_classifiers_train(readonly_memmap=True,X_dtype=float32)]>>

    [0m[37m@parametrize_with_checks[39;49;00m([est() [94mfor[39;49;00m _, est [95min[39;49;00m all_estimators()])[90m[39;49;00m
    [94mdef[39;49;00m[90m [39;49;00m[92mtest_estimators[39;49;00m(estimator, check, request):[90m[39;49;00m
    [90m    [39;49;00m[33m"""Check the compatibility with scikit-learn API"""[39;49;00m[90m[39;49;00m
>       check(estimator)[90m[39;49;00m

check      = functools.partial(<function check_classifiers_train at 0x10cc4aa20>, 'PriorCalibratedClassifier', readonly_memmap=True, X_dtype='float32')
estimator  = PriorCalibratedClassifier()
request    = <FixtureRequest for <Function test_estimators[PriorCalibratedClassifier()-check_classifiers_train(readonly_memmap=True,X_dtype=float32)]>>

[1m[31mimbcalibrate/tests/test_common.py[0m:16: 
_ _ _ _ _ _ _ _ _ _ _ _ _ _ _ _ _ _ _ _ _ _ _ _ _ _ _ _ _ _ _ _ _ _ _ _ _ _ _ _ 
[1m[31m.venv/lib/python3.13/site-packages/sklearn/utils/_testing.py[0m:144: in wrapper
    [0m[94mreturn[39;49;00m fn(*args, **kwargs)[90m[39;49;00m
           ^^^^^^^^^^^^^^^^^^^[90m[39;49;00m
        args       = ('PriorCalibratedClassifier', PriorCalibratedClassifier())
        fn         = <function check_classifiers_train at 0x10cc4a980>
        kwargs     = {'readonly_memmap': True, 'X_dtype': 'float32'}
        self       = _IgnoreWarnings(record=True)
_ _ _ _ _ _ _ _ _ _ _ _ _ _ _ _ _ _ _ _ _ _ _ _ _ _ _ _ _ _ _ _ _ _ _ _ _ _ _ _ 

name = 'PriorCalibratedClassifier'
classifier_orig = PriorCalibratedClassifier(), readonly_memmap = True
X_dtype = 'float32'

    [0m[37m@ignore_warnings[39;49;00m  [90m# Warnings are raised by decision function[39;49;00m[90m[39;49;00m
    [94mdef[39;49;00m[90m [39;49;00m[92mcheck_classifiers_train[39;49;00m([90m[39;49;00m
        name, classifier_orig, readonly_memmap=[94mFalse[39;49;00m, X_dtype=[33m"[39;49;00m[33mfloat64[39;49;00m[33m"[39;49;00m[90m[39;49;00m
    ):[90m[39;49;00m
        X_m, y_m = make_blobs(n_samples=[94m300[39;49;00m, random_state=[94m0[39;49;00m)[90m[39;49;00m
        X_m = X_m.astype(X_dtype)[90m[39;49;00m
        X_m, y_m = shuffle(X_m, y_m, random_state=[94m7[39;49;00m)[90m[39;49;00m
        X_m = StandardScaler().fit_transform(X_m)[90m[39;49;00m
        [90m# generate binary problem from multi-class one[39;49;00m[90m[39;49;00m
        y_b = y_m[y_m != [94m2[39;49;00m][90m[39;49;00m
        X_b = X_m[y_m != [94m2[39;49;00m][90m[39;49;00m
    [90m[39;49;00m
        [94mif[39;49;00m name [95min[39;49;00m [[33m"[39;49;00m[33mBernoulliNB[39;49;00m[33m"[39;49;00m, [33m"[39;49;00m[33mMultinomialNB[39;49;00m[33m"[39;49;00m, [33m"[39;49;00m[33mComplementNB[39;49;00m[33m"[39;49;00m, [33m"[39;49;00m[33mCategoricalNB[39;49;00m[33m"[39;49;00m]:[90m[39;49;00m
            X_m -= X_m.min()[90m[39;49;00m
            X_b -= X_b.min()[90m[39;49;00m
    [90m[39;49;00m
        [94mif[39;49;00m readonly_memmap:[90m[39;49;00m
            X_m, y_m, X_b, y_b = create_memmap_backed_data([X_m, y_m, X_b, y_b])[90m[39;49;00m
    [90m[39;49;00m
        problems = [(X_b, y_b)][90m[39;49;00m
        tags = get_tags(classifier_orig)[90m[39;49;00m
        [94mif[39;49;00m tags.classifier_tags.multi_class:[90m[39;49;00m
            problems.append((X_m, y_m))[90m[39;49;00m
    [90m[39;49;00m
        [94mfor[39;49;00m X, y [95min[39;49;00m problems:[90m[39;49;00m
            classes = np.unique(y)[90m[39;49;00m
            n_classes = [96mlen[39;49;00m(classes)[90m[39;49;00m
            n_samples, n_features = X.shape[90m[39;49;00m
            classifier = clone(classifier_orig)[90m[39;49;00m
            X = _enforce_estimator_tags_X(classifier, X)[90m[39;49;00m
            y = _enforce_estimator_tags_y(classifier, y)[90m[39;49;00m
    [90m[39;49;00m
            set_random_state(classifier)[90m[39;49;00m
            [90m# raises error on malformed input for fit[39;49;00m[90m[39;49;00m
            [94mif[39;49;00m [95mnot[39;49;00m tags.no_validation:[90m[39;49;00m
                [94mwith[39;49;00m raises([90m[39;49;00m
                    [96mValueError[39;49;00m,[90m[39;49;00m
                    err_msg=([90m[39;49;00m
                        [33mf[39;49;00m[33m"[39;49;00m[33mThe classifier [39;49;00m[33m{[39;49;00mname[33m}[39;49;00m[33m does not raise an error when [39;49;00m[33m"[39;49;00m[90m[39;49;00m
                        [33m"[39;49;00m[33mincorrect/malformed input data for fit is passed. The number [39;49;00m[33m"[39;49;00m[90m[39;49;00m
                        [33m"[39;49;00m[33mof training examples is not the same as the number of [39;49;00m[33m"[39;49;00m[90m[39;49;00m
                        [33m"[39;49;00m[33mlabels. Perhaps use check_X_y in fit.[39;49;00m[33m"[39;49;00m[90m[39;49;00m
                    ),[90m[39;49;00m
                ):[90m[39;49;00m
                    classifier.fit(X, y[:-[94m1[39;49;00m])[90m[39;49;00m
    [90m[39;49;00m
            [90m# fit[39;49;00m[90m[39;49;00m
            classifier.fit(X, y)[90m[39;49;00m
            [90m# with lists[39;49;00m[90m[39;49;00m
            classifier.fit(X.tolist(), y.tolist())[90m[39;49;00m
            [94massert[39;49;00m [96mhasattr[39;49;00m(classifier, [33m"[39;49;00m[33mclasses_[39;49;00m[33m"[39;49;00m)[90m[39;49;00m
            y_pred = classifier.predict(X)[90m[39;49;00m
    [90m[39;49;00m
            [94massert[39;49;00m y_pred.shape == (n_samples,)[90m[39;49;00m
            [90m# training set performance[39;49;00m[90m[39;49;00m
            [94mif[39;49;00m [95mnot[39;49;00m tags.classifier_tags.poor_score:[90m[39;49;00m
>               [94massert[39;49;00m accuracy_score(y, y_pred) > [94m0.83[39;49;00m[90m[39;49;00m
                       ^^^^^^^^^^^^^^^^^^^^^^^^^^^^^^^^[90m[39;49;00m
[1m[31mE               AssertionError[0m

X          = memmap([[-0.85589486,  0.21554239],
        [-0.7850048 ,  0.72501343],
        [ 0.04310847,  0.25109133],
        [ ...    [-1.5771745 ,  0.0352128 ],
        [ 1.5169084 , -1.2554711 ],
        [ 1.753074  , -2.1646235 ]], dtype=float32)
X_b        = memmap([[ 0.04310847,  0.25109133],
        [ 0.3045261 ,  0.25814292],
        [ 0.73052144,  0.98760027],
        [ ...    [ 0.70305467, -0.79237926],
        [ 1.5169084 , -1.2554711 ],
        [ 1.753074  , -2.1646235 ]], dtype=float32)
X_dtype    = 'float32'
X_m        = memmap([[-0.85589486,  0.21554239],
        [-0.7850048 ,  0.72501343],
        [ 0.04310847,  0.25109133],
        [ ...    [-1.5771745 ,  0.0352128 ],
        [ 1.5169084 , -1.2554711 ],
        [ 1.753074  , -2.1646235 ]], dtype=float32)
classes    = array([0, 1, 2])
classifier = PriorCalibratedClassifier()
classifier_orig = PriorCalibratedClassifier()
msg        = 'The classifier {} does not raise an error when the number of features in {} is different from the number of features in fit.'
msg_pairwise = 'The classifier {} does not raise an error when shape of X in  {} is not equal to (n_test_samples, n_training_samples)'
n_classes  = 3
n_features = 2
n_samples  = 300
name       = 'PriorCalibratedClassifier'
problems   = [(memmap([[ 0.04310847,  0.25109133],
        [ 0.3045261 ,  0.25814292],
        [ 0.73052144,  0.98760027],
        ... 2, 1, 2, 1, 2, 2, 0, 0, 2, 0, 2, 2, 0, 0, 0, 0, 0, 1, 0, 1, 1, 0,
        0, 0, 0, 2, 0, 2, 0, 0, 1, 0, 1, 2, 1, 1]))]
readonly_memmap = True
tags       = Tags(estimator_type='classifier', target_tags=TargetTags(required=True, one_d_labels=False, two_d_labels=False, positi...alse, sparse=False, categorical=False, string=False, dict=False, positive_only=False, allow_nan=False, pairwise=False))
y          = memmap([2, 2, 0, 0, 2, 0, 1, 1, 2, 1, 0, 2, 1, 1, 0, 0, 2, 2, 1, 0, 1, 2,
        1, 2, 1, 2, 2, 0, 2, 0, 0, 1, 0, 0, ...   2, 1, 2, 1, 2, 2, 0, 0, 2, 0, 2, 2, 0, 0, 0, 0, 0, 1, 0, 1, 1, 0,
        0, 0, 0, 2, 0, 2, 0, 0, 1, 0, 1, 2, 1, 1])
y_b        = memmap([0, 0, 0, 1, 1, 1, 0, 1, 1, 0, 0, 1, 0, 1, 1, 1, 0, 0, 0, 1, 0, 0,
        0, 0, 0, 0, 1, 0, 1, 0, 0, 1, 1, 1, ... 1, 1, 1, 1, 0, 0, 0, 1, 1, 1,
        0, 0, 0, 0, 0, 0, 0, 0, 1, 0, 1, 1, 0, 0, 0, 0, 0, 0, 0, 1, 0, 1,
        1, 1])
y_m        = memmap([2, 2, 0, 0, 2, 0, 1, 1, 2, 1, 0, 2, 1, 1, 0, 0, 2, 2, 1, 0, 1, 2,
        1, 2, 1, 2, 2, 0, 2, 0, 0, 1, 0, 0, ...   2, 1, 2, 1, 2, 2, 0, 0, 2, 0, 2, 2, 0, 0, 0, 0, 0, 1, 0, 1, 1, 0,
        0, 0, 0, 2, 0, 2, 0, 0, 1, 0, 1, 2, 1, 1])
y_pred     = array([0, 0, 0, 0, 0, 0, 1, 1, 1, 1, 0, 1, 1, 1, 0, 0, 0, 0, 1, 0, 1, 0,
       1, 0, 1, 0, 0, 0, 0, 0, 0, 1, 0, 0, 0,...    0, 1, 0, 1, 0, 0, 0, 0, 0, 0, 0, 0, 0, 0, 0, 0, 0, 1, 0, 0, 1, 0,
       0, 0, 0, 0, 0, 0, 0, 0, 1, 0, 1, 0, 1, 1])
y_prob     = array([[8.35259190e-01, 1.64740810e-01],
       [8.12697933e-01, 1.87302067e-01],
       [9.81355431e-01, 1.86445694e-...   [5.55136238e-02, 9.44486376e-01],
       [5.61676876e-03, 9.94383231e-01],
       [1.47264614e-04, 9.99852735e-01]])

[1m[31m.venv/lib/python3.13/site-packages/sklearn/utils/estimator_checks.py[0m:3036: AssertionError
[33m=============================== warnings summary ===============================[0m
.venv/lib/python3.13/site-packages/_pytest/python.py:124
  /Users/jules/Documents/github-projects/imbalanced-calibrate/.venv/lib/python3.13/site-packages/_pytest/python.py:124: PytestRemovedIn10Warning: Passing a non-Collection iterable to parametrize is deprecated.
  Test: imbcalibrate/tests/test_common.py::test_estimators, argvalues type: generator
  Please convert to a list or tuple.
  See https://docs.pytest.org/en/stable/deprecations.html#parametrize-iterators
    metafunc.parametrize(*marker.args, **marker.kwargs, _param_mark=marker)

-- Docs: https://docs.pytest.org/en/stable/how-to/capture-warnings.html
[36m[1m=========================== short test summary info ============================[0m
[31mFAILED[0m imbcalibrate/tests/test_common.py::[1mtest_estimators[PriorCalibratedClassifier()-check_classifiers_train][0m - AssertionError
[31mFAILED[0m imbcalibrate/tests/test_common.py::[1mtest_estimators[PriorCalibratedClassifier()-check_classifiers_train(readonly_memmap=True)][0m - AssertionError
[31mFAILED[0m imbcalibrate/tests/test_common.py::[1mtest_estimators[PriorCalibratedClassifier()-check_classifiers_train(readonly_memmap=True,X_dtype=float32)][0m - AssertionError
[31m============== [31m[1m3 failed[0m, [32m56 passed[0m, [33m2 skipped[0m, [33m1 warning[0m[31m in 1.05s[0m[31m ==============[0m
